Downloaded 629935_200w.jpg to G:/My Drive/Card Database\Digimon
Downloaded 629930_200w.jpg to G:/My Drive/Card Database\Digimon
Downloaded 629923_200w.jpg to G:/My Drive/Card Database\Digimon
Downloaded 629932_200w.jpg to G:/My Drive/Card Database\Digimon
Downloaded 629931_200w.jpg to G:/My Drive/Card Database\Digimon
Downloaded 629926_200w.jpg to G:/My Drive/Card Database\Digimon
Downloaded 629927_200w.jpg to G:/My Drive/Card Database\Digimon
Downloaded 629925_200w.jpg to G:/My Drive/Card Database\Digimon
Downloaded 629937_200w.jpg to G:/My Drive/Card Database\Digimon
Downloaded 629936_200w.jpg to G:/My Drive/Card Database\Digimon
Downloaded 630084_200w.jpg to G:/My Drive/Card Database\DBZ Super Fusion World
Downloaded 630082_200w.jpg to G:/My Drive/Card Database\DBZ Super Fusion World
Downloaded 630081_200w.jpg to G:/My Drive/Card Database\DBZ Super Fusion World
Downloaded 630085_200w.jpg to G:/My Drive/Card Database\DBZ Super Fusion World
Downloaded 630083_200w.jpg to G:/My Drive/Card Database\DBZ Super Fusion World
Downloaded 630120_200w.jpg to G:/My Drive/Card Database\Final Fantasy
Downloaded 630123_200w.jpg to G:/My Drive/Card Database\Final Fantasy
Downloaded 630339_200w.jpg to G:/My Drive/Card Database\Flesh and Blood
Downloaded 630340_200w.jpg to G:/My Drive/Card Database\Flesh and Blood
Downloaded 630337_200w.jpg to G:/My Drive/Card Database\Flesh and Blood
Downloaded 630334_200w.jpg to G:/My Drive/Card Database\Flesh and Blood
Downloaded 630333_200w.jpg to G:/My Drive/Card Database\Flesh and Blood
Downloaded 630332_200w.jpg to G:/My Drive/Card Database\Flesh and Blood
Downloaded 630338_200w.jpg to G:/My Drive/Card Database\Flesh and Blood
Downloaded 630336_200w.jpg to G:/My Drive/Card Database\Flesh and Blood
Downloaded 630335_200w.jpg to G:/My Drive/Card Database\Flesh and Blood
Downloaded 630343_200w.jpg to G:/My Drive/Card Database\Flesh and Blood
Downloaded 630342_200w.jpg to G:/My Drive/Card Database\Flesh and Blood
Downloaded 630341_200w.jpg to G:/My Drive/Card Database\Flesh and Blood
Downloaded 630344_200w.jpg to G:/My Drive/Card Database\Flesh and Blood
Downloaded 630094_200w.jpg to G:/My Drive/Card Database\Grand Archive
Downloaded 630098_200w.jpg to G:/My Drive/Card Database\Grand Archive
Downloaded 630096_200w.jpg to G:/My Drive/Card Database\Grand Archive
Downloaded 630102_200w.jpg to G:/My Drive/Card Database\Grand Archive
Downloaded 630099_200w.jpg to G:/My Drive/Card Database\Grand Archive
Downloaded 630103_200w.jpg to G:/My Drive/Card Database\Grand Archive
Downloaded 630107_200w.jpg to G:/My Drive/Card Database\Grand Archive
Downloaded 630112_200w.jpg to G:/My Drive/Card Database\Grand Archive
Downloaded 630101_200w.jpg to G:/My Drive/Card Database\Grand Archive
Downloaded 630105_200w.jpg to G:/My Drive/Card Database\Grand Archive
Downloaded 630109_200w.jpg to G:/My Drive/Card Database\Grand Archive
Downloaded 630111_200w.jpg to G:/My Drive/Card Database\Grand Archive
Downloaded 630100_200w.jpg to G:/My Drive/Card Database\Grand Archive
Downloaded 630115_200w.jpg to G:/My Drive/Card Database\Grand Archive
Downloaded 630118_200w.jpg to G:/My Drive/Card Database\Grand Archive
Downloaded 630121_200w.jpg to G:/My Drive/Card Database\Grand Archive
Downloaded 630117_200w.jpg to G:/My Drive/Card Database\Grand Archive
Downloaded 630119_200w.jpg to G:/My Drive/Card Database\Grand Archive
Downloaded 630113_200w.jpg to G:/My Drive/Card Database\Grand Archive
Downloaded 630122_200w.jpg to G:/My Drive/Card Database\Grand Archive
Downloaded 630126_200w.jpg to G:/My Drive/Card Database\Grand Archive
Downloaded 630124_200w.jpg to G:/My Drive/Card Database\Grand Archive
Downloaded 630128_200w.jpg to G:/My Drive/Card Database\Grand Archive
Downloaded 630131_200w.jpg to G:/My Drive/Card Database\Grand Archive
Downloaded 630129_200w.jpg to G:/My Drive/Card Database\Grand Archive
Downloaded 630125_200w.jpg to G:/My Drive/Card Database\Grand Archive
Downloaded 630127_200w.jpg to G:/My Drive/Card Database\Grand Archive
Downloaded 630132_200w.jpg to G:/My Drive/Card Database\Grand Archive
Downloaded 630135_200w.jpg to G:/My Drive/Card Database\Grand Archive
Downloaded 630130_200w.jpg to G:/My Drive/Card Database\Grand Archive
Downloaded 630134_200w.jpg to G:/My Drive/Card Database\Grand Archive
Downloaded 630133_200w.jpg to G:/My Drive/Card Database\Grand Archive
Downloaded 630086_200w.jpg to G:/My Drive/Card Database\Lorcana
Downloaded 629762_200w.jpg to G:/My Drive/Card Database\Magic the Gathering
Downloaded 629761_200w.jpg to G:/My Drive/Card Database\Magic the Gathering
Downloaded 630331_200w.jpg to G:/My Drive/Card Database\Magic the Gathering
Downloaded 606589_200w.jpg to G:/My Drive/Card Database\One Piece
Downloaded 630434_200w.jpg to G:/My Drive/Card Database\Pokemon
Downloaded 630430_200w.jpg to G:/My Drive/Card Database\Pokemon
Downloaded 630431_200w.jpg to G:/My Drive/Card Database\Pokemon
Downloaded 630612_200w.jpg to G:/My Drive/Card Database\Pokemon
Downloaded 630615_200w.jpg to G:/My Drive/Card Database\Pokemon
Downloaded 630686_200w.jpg to G:/My Drive/Card Database\Pokemon
Downloaded 630093_200w.jpg to G:/My Drive/Card Database\Pokemon
Downloaded 630150_200w.jpg to G:/My Drive/Card Database\Pokemon
Downloaded 630066_200w.jpg to G:/My Drive/Card Database\Shadowverse Evolve
Downloaded 630065_200w.jpg to G:/My Drive/Card Database\Shadowverse Evolve
Downloaded 630064_200w.jpg to G:/My Drive/Card Database\Shadowverse Evolve
Downloaded 630068_200w.jpg to G:/My Drive/Card Database\Shadowverse Evolve
Downloaded 630067_200w.jpg to G:/My Drive/Card Database\Shadowverse Evolve
Downloaded 630063_200w.jpg to G:/My Drive/Card Database\Shadowverse Evolve
Downloaded 630075_200w.jpg to G:/My Drive/Card Database\Shadowverse Evolve
Downloaded 630077_200w.jpg to G:/My Drive/Card Database\Shadowverse Evolve
Downloaded 630078_200w.jpg to G:/My Drive/Card Database\Shadowverse Evolve
Downloaded 630073_200w.jpg to G:/My Drive/Card Database\Shadowverse Evolve
Downloaded 630074_200w.jpg to G:/My Drive/Card Database\Shadowverse Evolve
Downloaded 630069_200w.jpg to G:/My Drive/Card Database\Shadowverse Evolve
Downloaded 630079_200w.jpg to G:/My Drive/Card Database\Shadowverse Evolve
Downloaded 630076_200w.jpg to G:/My Drive/Card Database\Shadowverse Evolve
Downloaded 630070_200w.jpg to G:/My Drive/Card Database\Shadowverse Evolve
Downloaded 630080_200w.jpg to G:/My Drive/Card Database\Shadowverse Evolve
Downloaded 630071_200w.jpg to G:/My Drive/Card Database\Shadowverse Evolve
