2025-11-12 22:19:10,227 - INFO - japanese_downloader - Geckodriver v0.36.0 is already installed and up-to-date. Skipping download.
2025-11-12 22:19:10,239 - INFO - japanese_downloader - Loaded 1 skipped Japanese image names from database.
2025-11-12 22:19:10,345 - INFO - japanese_downloader - 
--- Processing Site: Battle Spirits (ID: 79) ---
2025-11-12 22:19:16,196 - INFO - japanese_downloader - Attempting to dynamically find the last page number...
2025-11-12 22:20:08,168 - INFO - japanese_downloader - [Battle Spirits] Dynamic check **found 145 pages**.
2025-11-12 22:20:08,168 - INFO - japanese_downloader - [Battle Spirits] **Final Page Count Determined:** 145 pages (Using Hardcoded Value).
2025-11-12 22:20:09,321 - INFO - japanese_downloader - Found 6447 total existing images across all folders to skip.
2025-11-12 22:20:14,730 - INFO - japanese_downloader - Starting sequential scrape for Battle Spirits across 145 pages.
2025-11-12 22:20:27,818 - WARNING - japanese_downloader - [Battle Spirits Page 1] Timed out waiting for image elements (Page likely has no cards). URL: https://tcgrepublic.com/category/category_page_79.html?p=1
2025-11-12 22:20:27,818 - WARNING - japanese_downloader - [Battle Spirits Page 1] Returned 0 images. URL: https://tcgrepublic.com/category/category_page_79.html?p=1
2025-11-12 22:22:21,184 - INFO - japanese_downloader - Geckodriver v0.36.0 is already installed and up-to-date. Skipping download.
2025-11-12 22:22:21,185 - INFO - japanese_downloader - Loaded 1 skipped Japanese image names from database.
2025-11-12 22:22:21,206 - INFO - japanese_downloader - 
--- Processing Site: Battle Spirits (ID: 79) ---
2025-11-12 22:22:25,804 - INFO - japanese_downloader - Attempting to dynamically find the last page number...
2025-11-12 22:23:05,774 - INFO - japanese_downloader - [Battle Spirits] Dynamic check **found 145 pages**.
2025-11-12 22:23:05,774 - INFO - japanese_downloader - [Battle Spirits] **Final Page Count Determined:** 145 pages (Using Hardcoded Value).
2025-11-12 22:23:05,985 - INFO - japanese_downloader - Found 6447 total existing images across all folders to skip.
2025-11-12 22:23:10,515 - INFO - japanese_downloader - Starting sequential scrape for Battle Spirits across 145 pages.
2025-11-12 22:28:15,892 - INFO - japanese_downloader - Finished scraping Battle Spirits. Found 6916 potential image URLs.
2025-11-12 22:28:15,893 - INFO - japanese_downloader - Starting parallel download for Battle Spirits with 6916 unique URLs.
2025-11-12 22:29:15,693 - INFO - japanese_downloader - Finished processing site: Battle Spirits.
2025-11-12 22:29:15,693 - INFO - japanese_downloader - 
--- Processing Site: Buddy Fight (ID: 71) ---
2025-11-12 22:29:20,692 - INFO - japanese_downloader - Attempting to dynamically find the last page number...
2025-11-12 22:30:01,460 - INFO - japanese_downloader - [Buddy Fight] Dynamic check **found 234 pages**.
2025-11-12 22:30:01,460 - CRITICAL - japanese_downloader - [31m[Buddy Fight] NEW MAX PAGES FOUND: 234 (Hardcoded Used: 233)[0m
2025-11-12 22:30:01,461 - INFO - japanese_downloader - [Buddy Fight] **Final Page Count Determined:** 233 pages (Using Hardcoded Value).
2025-11-12 22:30:02,443 - INFO - japanese_downloader - Found 10305 total existing images across all folders to skip.
2025-11-12 22:30:07,238 - INFO - japanese_downloader - Starting sequential scrape for Buddy Fight across 233 pages.
2025-11-12 22:39:02,373 - INFO - japanese_downloader - Finished scraping Buddy Fight. Found 11176 potential image URLs.
2025-11-12 22:39:02,373 - INFO - japanese_downloader - Starting parallel download for Buddy Fight with 11176 unique URLs.
2025-11-12 22:41:29,270 - INFO - japanese_downloader - Finished processing site: Buddy Fight.
2025-11-12 22:41:29,271 - INFO - japanese_downloader - 
--- Processing Site: Build Divide (ID: 61) ---
2025-11-12 22:41:34,159 - INFO - japanese_downloader - Attempting to dynamically find the last page number...
2025-11-12 22:42:14,073 - INFO - japanese_downloader - [Build Divide] Dynamic check **found 185 pages**.
2025-11-12 22:42:14,073 - CRITICAL - japanese_downloader - [31m[Build Divide] NEW MAX PAGES FOUND: 185 (Hardcoded Used: 176)[0m
2025-11-12 22:42:14,075 - INFO - japanese_downloader - [Build Divide] **Final Page Count Determined:** 176 pages (Using Hardcoded Value).
2025-11-12 22:42:14,777 - INFO - japanese_downloader - Found 7582 total existing images across all folders to skip.
2025-11-12 22:42:19,476 - INFO - japanese_downloader - Starting sequential scrape for Build Divide across 176 pages.
2025-11-12 22:49:59,757 - INFO - japanese_downloader - Finished scraping Build Divide. Found 8166 potential image URLs.
2025-11-12 22:49:59,759 - INFO - japanese_downloader - Starting parallel download for Build Divide with 8166 unique URLs.
2025-11-12 22:51:40,425 - INFO - japanese_downloader - Finished processing site: Build Divide.
2025-11-12 22:51:40,425 - INFO - japanese_downloader - 
--- Processing Site: Cardfight Vanguard (ID: 44) ---
2025-11-12 22:51:45,439 - INFO - japanese_downloader - Attempting to dynamically find the last page number...
2025-11-12 22:52:27,239 - INFO - japanese_downloader - [Cardfight Vanguard] Dynamic check **found 565 pages**.
2025-11-12 22:52:27,239 - CRITICAL - japanese_downloader - [31m[Cardfight Vanguard] NEW MAX PAGES FOUND: 565 (Hardcoded Used: 554)[0m
2025-11-12 22:52:27,239 - INFO - japanese_downloader - [Cardfight Vanguard] **Final Page Count Determined:** 554 pages (Using Hardcoded Value).
2025-11-12 22:52:27,797 - INFO - japanese_downloader - Found 6120 total existing images across all folders to skip.
2025-11-12 22:52:32,530 - INFO - japanese_downloader - Starting sequential scrape for Cardfight Vanguard across 554 pages.
