2025-10-06 02:27:15,286 - ERROR - Error reading skipped images: no such column: image_number
2025-10-06 03:59:38,465 - ERROR - Error reading skipped images: no such column: image_number
2025-10-06 04:03:58,939 - INFO - CSV saved: json\Battle Spirits_image_links.csv
2025-10-06 04:10:51,281 - INFO - CSV saved: json\Buddy Fight_image_links.csv
2025-10-06 04:16:08,826 - INFO - CSV saved: json\Build Divide_image_links.csv
2025-10-06 04:32:12,740 - INFO - CSV saved: json\Cardfight Vanguard_image_links.csv
2025-10-06 04:44:41,443 - INFO - CSV saved: json\Chaos_image_links.csv
2025-10-06 04:46:39,468 - INFO - CSV saved: json\Detective Conan_image_links.csv
2025-10-06 04:54:11,544 - INFO - CSV saved: json\DB Heroes_image_links.csv
2025-10-06 04:56:12,874 - INFO - CSV saved: json\DB Super Divers_image_links.csv
2025-10-06 04:58:45,301 - INFO - CSV saved: json\DBZ Super Fusion World_image_links.csv
2025-10-06 05:06:23,999 - INFO - CSV saved: json\Digimon_image_links.csv
2025-10-06 05:21:12,709 - INFO - CSV saved: json\Duel Masters_image_links.csv
2025-10-06 05:25:22,360 - INFO - CSV saved: json\Fate-Grand Order Arcade_image_links.csv
2025-10-06 05:35:34,129 - INFO - CSV saved: json\Final Fantasy_image_links.csv
2025-10-06 05:40:29,735 - INFO - CSV saved: json\Fire Emblem Cipher_image_links.csv
2025-10-06 05:41:17,506 - INFO - CSV saved: json\Godzilla Card Game_image_links.csv
2025-10-06 05:45:26,106 - INFO - CSV saved: json\Gundam_image_links.csv
2025-10-06 05:50:01,237 - INFO - CSV saved: json\Hololive_image_links.csv
2025-10-06 05:54:15,535 - INFO - CSV saved: json\Kamen Rider Battle Ganba Legends_image_links.csv
2025-10-06 05:58:58,868 - INFO - CSV saved: json\Kamen Rider Battle Ganbarizing_image_links.csv
2025-10-06 06:01:59,079 - INFO - CSV saved: json\Kantai Collection Kancolle Arcade_image_links.csv
2025-10-06 06:03:59,921 - INFO - CSV saved: json\Love Live_image_links.csv
2025-10-06 06:12:38,407 - INFO - CSV saved: json\Lycee Over Ture_image_links.csv
2025-10-06 06:16:32,414 - INFO - CSV saved: json\One Piece_image_links.csv
2025-10-06 06:21:38,605 - INFO - CSV saved: json\Osica_image_links.csv
2025-10-06 06:42:37,707 - INFO - CSV saved: json\Pokemon_image_links.csv
2025-10-06 06:58:03,065 - INFO - CSV saved: json\Precious Memories_image_links.csv
2025-10-06 07:04:22,957 - INFO - CSV saved: json\Prism Connect_image_links.csv
2025-10-06 07:20:38,169 - INFO - CSV saved: json\Rebirth for you_image_links.csv
2025-10-06 07:27:43,252 - INFO - CSV saved: json\Shadowverse Evolve_image_links.csv
2025-10-06 07:32:28,277 - INFO - CSV saved: json\Takashi Murakami Jellyfish Eyes_image_links.csv
2025-10-06 07:37:27,358 - INFO - CSV saved: json\The Quintessential Quintuplets_image_links.csv
2025-10-06 07:41:43,264 - INFO - CSV saved: json\Trails Series_image_links.csv
2025-10-06 07:44:54,898 - INFO - CSV saved: json\Ultraman_image_links.csv
2025-10-06 07:53:06,916 - INFO - CSV saved: json\Union Arena_image_links.csv
2025-10-06 07:56:01,416 - INFO - CSV saved: json\Vividz_image_links.csv
2025-10-06 08:34:38,937 - INFO - CSV saved: json\Weiss Schwarz_image_links.csv
2025-10-06 08:41:34,434 - INFO - CSV saved: json\Weiss Schwarz Blau_image_links.csv
2025-10-06 08:44:07,191 - INFO - CSV saved: json\Weiss Schwarz Rose_image_links.csv
2025-10-06 08:56:58,590 - INFO - CSV saved: json\Wixoss_image_links.csv
2025-10-06 08:58:23,440 - INFO - CSV saved: json\Xross Stars_image_links.csv
2025-10-06 09:24:11,291 - INFO - CSV saved: json\Yugioh_image_links.csv
2025-10-06 09:30:54,449 - INFO - CSV saved: json\Yugioh Rush Duel_image_links.csv
2025-10-06 09:47:11,043 - INFO - CSV saved: json\Z-X Zillions over enemy X_image_links.csv
